// Jest Snapshot v1, https://goo.gl/fbAQLP

exports[`testing Button 1`] = `
.c0 {
  width: auto;
  height: 50px;
  background-color: 'rgb(219, 54, 21)';
  color: white;
  font-size: 1em;
  margin: 1em;
  padding: 0.25em 1em;
  border: 2px solid 'rgb(219, 54, 21)';
  border-radius: 3px;
}

<div>
  <button
    class="c0"
  >
    button
  </button>
</div>
`;
